Right
    ( Config
        { apiVersion = Just "v1"
        , kind = Just "Config"
        , preferences = Nothing
        , clusters = NamedMap
            { unNamedMap = fromList
                [
                    ( "minikube"
                    , Cluster
                        { server = https://127.0.0.1:6443
                        , tlsServerName = Nothing
                        , insecureSkipTlsVerify = Nothing
                        , certificateAuthority = Just "ca.crt"
                        , certificateAuthorityData = Nothing
                        , proxyUrl = Nothing
                        , disableCompression = Nothing
                        , extensions = Nothing
                        }
                    )
                ]
            }
        , users = NamedMap
            { unNamedMap = fromList
                [
                    ( "minikube"
                    , User
                        { clientCertificate = Just "admin.crt"
                        , clientCertificateData = Nothing
                        , clientKey = Just "admin.key"
                        , clientKeyData = Nothing
                        , token = Nothing
                        , tokenFile = Nothing
                        , as = Nothing
                        , asUid = Nothing
                        , asGroups = Nothing
                        , asUserExtra = Nothing
                        , username = Nothing
                        , password = Nothing
                        , authProvider = Nothing
                        , exec = Nothing
                        , extensions = Nothing
                        }
                    )
                ]
            }
        , contexts = NamedMap
            { unNamedMap = fromList
                [
                    ( "minikube"
                    , Context
                        { cluster = "minikube"
                        , user = "minikube"
                        , namespace = Nothing
                        , extensions = Nothing
                        }
                    )
                ]
            }
        , currentContext = "minikube"
        , extensions = Nothing
        }
    )